<?xml version="1.0" encoding="utf-8"?>
<aj-snapshot>
<jack>
  <client name="system">
    <port name="capture_1">
      <connection port="CyclicShift:input_1" />
    </port>
    <port name="capture_2">
      <connection port="Pixelize:input_1" />
    </port>
    <port name="capture_3">
      <connection port="ThreadWalk:input_1" />
    </port>
    <port name="capture_4">
      <connection port="WaveQuant:input_1" />
    </port>
    <port name="capture_5">
      <connection port="WeightShifter:input_1" />
    </port>
    <port name="capture_6" />
    <port name="capture_7" />
    <port name="capture_8" />
    <port name="capture_9" />
    <port name="capture_10" />
    <port name="capture_11" />
    <port name="capture_12" />
    <port name="capture_13" />
    <port name="capture_14" />
    <port name="capture_15" />
    <port name="capture_16" />
    <port name="capture_17" />
    <port name="capture_18" />
    <port name="capture_19" />
    <port name="capture_20" />
    <port name="capture_21" />
    <port name="capture_22" />
    <port name="capture_23" />
    <port name="capture_24" />
    <port name="capture_25" />
    <port name="capture_26" />
    <port name="capture_27" />
    <port name="capture_28" />
    <port name="capture_29" />
    <port name="capture_30" />
    <port name="capture_31" />
    <port name="capture_32" />
  </client>
  <client name="ThreadWalk">
    <port name="output_1">
      <connection port="SpeakerMapper:in_1" />
    </port>
    <port name="output_2">
      <connection port="SpeakerMapper:in_2" />
    </port>
  </client>
  <client name="CyclicShift">
    <port name="output_1">
      <connection port="SpeakerMapper:in_1" />
    </port>
  </client>
  <client name="ThreadWalk">
    <port name="output_3">
      <connection port="SpeakerMapper:in_3" />
    </port>
  </client>
  <client name="CyclicShift">
    <port name="output_2">
      <connection port="SpeakerMapper:in_2" />
    </port>
  </client>
  <client name="ThreadWalk">
    <port name="output_4">
      <connection port="SpeakerMapper:in_4" />
    </port>
  </client>
  <client name="CyclicShift">
    <port name="output_3">
      <connection port="SpeakerMapper:in_3" />
    </port>
  </client>
  <client name="WeightShifter">
    <port name="output_1">
      <connection port="SpeakerMapper:in_1" />
    </port>
  </client>
  <client name="ThreadWalk">
    <port name="output_5">
      <connection port="SpeakerMapper:in_5" />
    </port>
  </client>
  <client name="CyclicShift">
    <port name="output_4">
      <connection port="SpeakerMapper:in_4" />
    </port>
  </client>
  <client name="WeightShifter">
    <port name="output_2">
      <connection port="SpeakerMapper:in_2" />
    </port>
  </client>
  <client name="ThreadWalk">
    <port name="output_6">
      <connection port="SpeakerMapper:in_6" />
    </port>
  </client>
  <client name="CyclicShift">
    <port name="output_5">
      <connection port="SpeakerMapper:in_5" />
    </port>
  </client>
  <client name="Pixelize">
    <port name="output_1">
      <connection port="SpeakerMapper:in_1" />
    </port>
  </client>
  <client name="ThreadWalk">
    <port name="output_7">
      <connection port="SpeakerMapper:in_7" />
    </port>
  </client>
  <client name="CyclicShift">
    <port name="output_6">
      <connection port="SpeakerMapper:in_6" />
    </port>
  </client>
  <client name="WeightShifter">
    <port name="output_3">
      <connection port="SpeakerMapper:in_3" />
    </port>
  </client>
  <client name="ThreadWalk">
    <port name="output_8">
      <connection port="SpeakerMapper:in_8" />
    </port>
  </client>
  <client name="CyclicShift">
    <port name="output_7">
      <connection port="SpeakerMapper:in_7" />
    </port>
  </client>
  <client name="Pixelize">
    <port name="output_2">
      <connection port="SpeakerMapper:in_2" />
    </port>
  </client>
  <client name="CyclicShift">
    <port name="output_8">
      <connection port="SpeakerMapper:in_8" />
    </port>
  </client>
  <client name="WeightShifter">
    <port name="output_4">
      <connection port="SpeakerMapper:in_4" />
    </port>
  </client>
  <client name="Pixelize">
    <port name="output_3">
      <connection port="SpeakerMapper:in_3" />
    </port>
  </client>
  <client name="WeightShifter">
    <port name="output_5">
      <connection port="SpeakerMapper:in_5" />
    </port>
  </client>
  <client name="Pixelize">
    <port name="output_4">
      <connection port="SpeakerMapper:in_4" />
    </port>
  </client>
  <client name="WeightShifter">
    <port name="output_6">
      <connection port="SpeakerMapper:in_6" />
    </port>
  </client>
  <client name="Pixelize">
    <port name="output_5">
      <connection port="SpeakerMapper:in_5" />
    </port>
  </client>
  <client name="WeightShifter">
    <port name="output_7">
      <connection port="SpeakerMapper:in_7" />
    </port>
  </client>
  <client name="Pixelize">
    <port name="output_6">
      <connection port="SpeakerMapper:in_6" />
    </port>
  </client>
  <client name="WeightShifter">
    <port name="output_8">
      <connection port="SpeakerMapper:in_8" />
    </port>
  </client>
  <client name="Pixelize">
    <port name="output_7">
      <connection port="SpeakerMapper:in_7" />
    </port>
    <port name="output_8">
      <connection port="SpeakerMapper:in_8" />
    </port>
  </client>
  <client name="WaveQuant">
    <port name="output_1">
      <connection port="SpeakerMapper:in_1" />
    </port>
    <port name="output_2">
      <connection port="SpeakerMapper:in_2" />
    </port>
    <port name="output_3">
      <connection port="SpeakerMapper:in_3" />
    </port>
    <port name="output_4">
      <connection port="SpeakerMapper:in_4" />
    </port>
    <port name="output_5">
      <connection port="SpeakerMapper:in_5" />
    </port>
    <port name="output_6">
      <connection port="SpeakerMapper:in_6" />
    </port>
    <port name="output_7">
      <connection port="SpeakerMapper:in_7" />
    </port>
    <port name="output_8">
      <connection port="SpeakerMapper:in_8" />
    </port>
  </client>
  <client name="SpeakerMapper">
    <port name="out_1" />
    <port name="out_2" />
  </client>
</jack>
</aj-snapshot>
